Java HotSpot(TM) 64-Bit Server VM (25.121-b13) for linux-amd64 JRE (1.8.0_121-b13), built on Dec 12 2016 16:36:53 by "java_re" with gcc 4.3.0 20080428 (Red Hat 4.3.0-8)
Memory: 4k page, physical 8173768k(1747028k free), swap 0k(0k free)
CommandLine flags: -XX:+DisableExplicitGC -XX:InitialHeapSize=1073741824 -XX:InitiatingHeapOccupancyPercent=35 -XX:+ManagementServer -XX:MaxGCPauseMillis=20 -XX:MaxHeapSize=1073741824 -XX:+PrintGC -XX:+PrintGCDateStamps -XX:+PrintGCDetails -XX:+PrintGCTimeStamps -XX:+UseCompressedClassPointers -XX:+UseCompressedOops -XX:+UseG1GC 
2017-07-17T17:06:25.561+0800: 6.022: [GC pause (G1 Evacuation Pause) (young), 0.0183971 secs]
   [Parallel Time: 13.5 ms, GC Workers: 4]
      [GC Worker Start (ms): Min: 6021.7, Avg: 6026.5, Max: 6028.1, Diff: 6.3]
      [Ext Root Scanning (ms): Min: 0.0, Avg: 0.9, Max: 3.7, Diff: 3.7, Sum: 3.8]
      [Update RS (ms): Min: 0.0, Avg: 0.0, Max: 0.0, Diff: 0.0, Sum: 0.0]
         [Processed Buffers: Min: 0, Avg: 0.0, Max: 0, Diff: 0, Sum: 0]
      [Scan RS (ms): Min: 0.0, Avg: 0.0, Max: 0.0, Diff: 0.0, Sum: 0.1]
      [Code Root Scanning (ms): Min: 0.0, Avg: 0.2, Max: 0.6, Diff: 0.6, Sum: 0.6]
      [Object Copy (ms): Min: 6.8, Avg: 7.4, Max: 8.9, Diff: 2.1, Sum: 29.5]
      [Termination (ms): Min: 0.0, Avg: 0.1, Max: 0.2, Diff: 0.2, Sum: 0.5]
         [Termination Attempts: Min: 1, Avg: 17.5, Max: 32, Diff: 31, Sum: 70]
      [GC Worker Other (ms): Min: 0.0, Avg: 0.0, Max: 0.0, Diff: 0.0, Sum: 0.1]
      [GC Worker Total (ms): Min: 7.0, Avg: 8.6, Max: 13.3, Diff: 6.3, Sum: 34.5]
      [GC Worker End (ms): Min: 6035.1, Avg: 6035.1, Max: 6035.1, Diff: 0.0]
   [Code Root Fixup: 0.2 ms]
   [Code Root Purge: 0.0 ms]
   [Clear CT: 0.2 ms]
   [Other: 4.6 ms]
      [Choose CSet: 0.0 ms]
      [Ref Proc: 3.9 ms]
      [Ref Enq: 0.0 ms]
      [Redirty Cards: 0.1 ms]
      [Humongous Register: 0.1 ms]
      [Humongous Reclaim: 0.0 ms]
      [Free CSet: 0.1 ms]
   [Eden: 51.0M(51.0M)->0.0B(44.0M) Survivors: 0.0B->7168.0K Heap: 51.0M(1024.0M)->8231.0K(1024.0M)]
 [Times: user=0.03 sys=0.01, real=0.01 secs] 
2017-07-17T17:06:26.431+0800: 6.892: [GC pause (G1 Evacuation Pause) (young), 0.0173913 secs]
   [Parallel Time: 13.8 ms, GC Workers: 4]
      [GC Worker Start (ms): Min: 6891.7, Avg: 6891.9, Max: 6892.3, Diff: 0.6]
      [Ext Root Scanning (ms): Min: 1.5, Avg: 1.8, Max: 2.2, Diff: 0.7, Sum: 7.3]
      [Update RS (ms): Min: 0.0, Avg: 0.0, Max: 0.2, Diff: 0.2, Sum: 0.2]
         [Processed Buffers: Min: 0, Avg: 0.2, Max: 1, Diff: 1, Sum: 1]
      [Scan RS (ms): Min: 0.0, Avg: 0.0, Max: 0.0, Diff: 0.0, Sum: 0.1]
      [Code Root Scanning (ms): Min: 0.0, Avg: 2.3, Max: 7.4, Diff: 7.4, Sum: 9.1]
      [Object Copy (ms): Min: 1.1, Avg: 6.3, Max: 9.3, Diff: 8.2, Sum: 25.4]
      [Termination (ms): Min: 0.0, Avg: 1.0, Max: 1.4, Diff: 1.4, Sum: 4.2]
         [Termination Attempts: Min: 1, Avg: 6.0, Max: 17, Diff: 16, Sum: 24]
      [GC Worker Other (ms): Min: 0.0, Avg: 0.0, Max: 0.0, Diff: 0.0, Sum: 0.1]
      [GC Worker Total (ms): Min: 11.2, Avg: 11.6, Max: 11.8, Diff: 0.6, Sum: 46.4]
      [GC Worker End (ms): Min: 6903.5, Avg: 6903.5, Max: 6903.5, Diff: 0.0]
   [Code Root Fixup: 0.5 ms]
   [Code Root Purge: 0.0 ms]
   [Clear CT: 0.1 ms]
   [Other: 2.9 ms]
      [Choose CSet: 0.0 ms]
      [Ref Proc: 2.2 ms]
      [Ref Enq: 0.0 ms]
      [Redirty Cards: 0.1 ms]
      [Humongous Register: 0.1 ms]
      [Humongous Reclaim: 0.0 ms]
      [Free CSet: 0.2 ms]
   [Eden: 44.0M(44.0M)->0.0B(44.0M) Survivors: 7168.0K->7168.0K Heap: 180.0M(1024.0M)->138.5M(1024.0M)]
 [Times: user=0.05 sys=0.00, real=0.02 secs] 
2017-07-17T17:06:26.751+0800: 7.211: [GC pause (Metadata GC Threshold) (young) (initial-mark), 0.0132788 secs]
   [Parallel Time: 10.9 ms, GC Workers: 4]
      [GC Worker Start (ms): Min: 7211.6, Avg: 7211.9, Max: 7212.1, Diff: 0.5]
      [Ext Root Scanning (ms): Min: 1.3, Avg: 1.9, Max: 2.3, Diff: 1.0, Sum: 7.6]
      [Update RS (ms): Min: 0.0, Avg: 0.2, Max: 0.3, Diff: 0.3, Sum: 0.9]
         [Processed Buffers: Min: 0, Avg: 1.0, Max: 2, Diff: 2, Sum: 4]
      [Scan RS (ms): Min: 0.0, Avg: 0.0, Max: 0.0, Diff: 0.0, Sum: 0.0]
      [Code Root Scanning (ms): Min: 0.0, Avg: 0.6, Max: 1.3, Diff: 1.3, Sum: 2.3]
      [Object Copy (ms): Min: 7.1, Avg: 7.7, Max: 9.0, Diff: 1.9, Sum: 30.9]
      [Termination (ms): Min: 0.0, Avg: 0.1, Max: 0.1, Diff: 0.1, Sum: 0.4]
         [Termination Attempts: Min: 1, Avg: 1.2, Max: 2, Diff: 1, Sum: 5]
      [GC Worker Other (ms): Min: 0.0, Avg: 0.0, Max: 0.0, Diff: 0.0, Sum: 0.1]
      [GC Worker Total (ms): Min: 10.3, Avg: 10.6, Max: 10.8, Diff: 0.5, Sum: 42.3]
      [GC Worker End (ms): Min: 7222.4, Avg: 7222.4, Max: 7222.4, Diff: 0.0]
   [Code Root Fixup: 0.5 ms]
   [Code Root Purge: 0.0 ms]
   [Clear CT: 0.1 ms]
   [Other: 1.7 ms]
      [Choose CSet: 0.0 ms]
      [Ref Proc: 0.9 ms]
      [Ref Enq: 0.0 ms]
      [Redirty Cards: 0.1 ms]
      [Humongous Register: 0.0 ms]
      [Humongous Reclaim: 0.0 ms]
      [Free CSet: 0.1 ms]
   [Eden: 16.0M(44.0M)->0.0B(46.0M) Survivors: 7168.0K->5120.0K Heap: 153.8M(1024.0M)->140.4M(1024.0M)]
 [Times: user=0.04 sys=0.01, real=0.02 secs] 
2017-07-17T17:06:26.764+0800: 7.225: [GC concurrent-root-region-scan-start]
2017-07-17T17:06:26.769+0800: 7.230: [GC concurrent-root-region-scan-end, 0.0050162 secs]
2017-07-17T17:06:26.769+0800: 7.230: [GC concurrent-mark-start]
2017-07-17T17:06:26.788+0800: 7.248: [GC concurrent-mark-end, 0.0182375 secs]
2017-07-17T17:06:26.788+0800: 7.248: [GC remark 2017-07-17T17:06:26.788+0800: 7.248: [Finalize Marking, 0.0002349 secs] 2017-07-17T17:06:26.788+0800: 7.249: [GC ref-proc, 0.0001405 secs] 2017-07-17T17:06:26.788+0800: 7.249: [Unloading, 0.0041376 secs], 0.0062832 secs]
 [Times: user=0.02 sys=0.00, real=0.01 secs] 
2017-07-17T17:06:26.794+0800: 7.255: [GC cleanup 142M->139M(1024M), 0.0017556 secs]
 [Times: user=0.01 sys=0.00, real=0.00 secs] 
2017-07-17T17:06:26.796+0800: 7.257: [GC concurrent-cleanup-start]
2017-07-17T17:06:26.796+0800: 7.257: [GC concurrent-cleanup-end, 0.0000272 secs]
2017-07-17T17:08:17.754+0800: 118.214: [GC pause (G1 Evacuation Pause) (young), 0.0090900 secs]
   [Parallel Time: 7.4 ms, GC Workers: 4]
      [GC Worker Start (ms): Min: 118214.6, Avg: 118216.6, Max: 118218.1, Diff: 3.5]
      [Ext Root Scanning (ms): Min: 0.0, Avg: 0.9, Max: 2.3, Diff: 2.3, Sum: 3.5]
      [Update RS (ms): Min: 0.0, Avg: 1.4, Max: 4.7, Diff: 4.7, Sum: 5.7]
         [Processed Buffers: Min: 0, Avg: 7.0, Max: 15, Diff: 15, Sum: 28]
      [Scan RS (ms): Min: 0.0, Avg: 0.2, Max: 0.3, Diff: 0.3, Sum: 0.8]
      [Code Root Scanning (ms): Min: 0.0, Avg: 0.2, Max: 0.4, Diff: 0.4, Sum: 0.6]
      [Object Copy (ms): Min: 0.3, Avg: 2.6, Max: 3.4, Diff: 3.1, Sum: 10.2]
      [Termination (ms): Min: 0.0, Avg: 0.1, Max: 0.2, Diff: 0.2, Sum: 0.5]
         [Termination Attempts: Min: 1, Avg: 2.8, Max: 5, Diff: 4, Sum: 11]
      [GC Worker Other (ms): Min: 0.0, Avg: 0.0, Max: 0.0, Diff: 0.0, Sum: 0.1]
      [GC Worker Total (ms): Min: 3.9, Avg: 5.3, Max: 7.4, Diff: 3.5, Sum: 21.4]
      [GC Worker End (ms): Min: 118222.0, Avg: 118222.0, Max: 118222.0, Diff: 0.0]
   [Code Root Fixup: 0.2 ms]
   [Code Root Purge: 0.0 ms]
   [Clear CT: 0.1 ms]
   [Other: 1.3 ms]
      [Choose CSet: 0.0 ms]
      [Ref Proc: 0.8 ms]
      [Ref Enq: 0.0 ms]
      [Redirty Cards: 0.1 ms]
      [Humongous Register: 0.1 ms]
      [Humongous Reclaim: 0.0 ms]
      [Free CSet: 0.1 ms]
   [Eden: 46.0M(46.0M)->0.0B(46.0M) Survivors: 5120.0K->5120.0K Heap: 183.4M(1024.0M)->137.4M(1024.0M)]
 [Times: user=0.02 sys=0.00, real=0.01 secs] 
2017-07-17T17:08:17.984+0800: 118.445: [GC pause (G1 Evacuation Pause) (young), 0.0062747 secs]
   [Parallel Time: 5.0 ms, GC Workers: 4]
      [GC Worker Start (ms): Min: 118444.7, Avg: 118444.9, Max: 118445.5, Diff: 0.8]
      [Ext Root Scanning (ms): Min: 0.4, Avg: 1.3, Max: 2.8, Diff: 2.4, Sum: 5.3]
      [Update RS (ms): Min: 0.0, Avg: 0.2, Max: 0.4, Diff: 0.4, Sum: 0.9]
         [Processed Buffers: Min: 0, Avg: 2.0, Max: 6, Diff: 6, Sum: 8]
      [Scan RS (ms): Min: 0.0, Avg: 0.0, Max: 0.0, Diff: 0.0, Sum: 0.1]
      [Code Root Scanning (ms): Min: 0.0, Avg: 0.2, Max: 0.6, Diff: 0.6, Sum: 0.6]
      [Object Copy (ms): Min: 2.1, Avg: 2.9, Max: 3.5, Diff: 1.4, Sum: 11.5]
      [Termination (ms): Min: 0.0, Avg: 0.1, Max: 0.1, Diff: 0.1, Sum: 0.3]
         [Termination Attempts: Min: 1, Avg: 1.0, Max: 1, Diff: 0, Sum: 4]
      [GC Worker Other (ms): Min: 0.0, Avg: 0.0, Max: 0.0, Diff: 0.0, Sum: 0.1]
      [GC Worker Total (ms): Min: 4.2, Avg: 4.7, Max: 4.9, Diff: 0.7, Sum: 18.9]
      [GC Worker End (ms): Min: 118449.7, Avg: 118449.7, Max: 118449.7, Diff: 0.0]
   [Code Root Fixup: 0.2 ms]
   [Code Root Purge: 0.0 ms]
   [Clear CT: 0.1 ms]
   [Other: 0.9 ms]
      [Choose CSet: 0.0 ms]
      [Ref Proc: 0.4 ms]
      [Ref Enq: 0.0 ms]
      [Redirty Cards: 0.1 ms]
      [Humongous Register: 0.1 ms]
      [Humongous Reclaim: 0.0 ms]
      [Free CSet: 0.1 ms]
   [Eden: 46.0M(46.0M)->0.0B(46.0M) Survivors: 5120.0K->5120.0K Heap: 183.4M(1024.0M)->136.9M(1024.0M)]
 [Times: user=0.01 sys=0.00, real=0.00 secs] 
2017-07-17T17:08:18.135+0800: 118.596: [GC pause (G1 Humongous Allocation) (young) (initial-mark), 0.0075458 secs]
   [Parallel Time: 5.8 ms, GC Workers: 4]
      [GC Worker Start (ms): Min: 118595.8, Avg: 118596.2, Max: 118596.5, Diff: 0.7]
      [Ext Root Scanning (ms): Min: 1.0, Avg: 1.5, Max: 2.2, Diff: 1.2, Sum: 6.1]
      [Update RS (ms): Min: 0.0, Avg: 0.2, Max: 0.5, Diff: 0.5, Sum: 0.9]
         [Processed Buffers: Min: 0, Avg: 2.2, Max: 7, Diff: 7, Sum: 9]
      [Scan RS (ms): Min: 0.0, Avg: 0.0, Max: 0.0, Diff: 0.0, Sum: 0.0]
      [Code Root Scanning (ms): Min: 0.0, Avg: 0.5, Max: 1.3, Diff: 1.3, Sum: 1.8]
      [Object Copy (ms): Min: 2.3, Avg: 3.0, Max: 3.4, Diff: 1.0, Sum: 12.0]
      [Termination (ms): Min: 0.0, Avg: 0.1, Max: 0.2, Diff: 0.2, Sum: 0.5]
         [Termination Attempts: Min: 1, Avg: 1.2, Max: 2, Diff: 1, Sum: 5]
      [GC Worker Other (ms): Min: 0.0, Avg: 0.0, Max: 0.0, Diff: 0.0, Sum: 0.1]
      [GC Worker Total (ms): Min: 5.0, Avg: 5.4, Max: 5.7, Diff: 0.7, Sum: 21.5]
      [GC Worker End (ms): Min: 118601.5, Avg: 118601.5, Max: 118601.5, Diff: 0.0]
   [Code Root Fixup: 0.2 ms]
   [Code Root Purge: 0.0 ms]
   [Clear CT: 0.1 ms]
   [Other: 1.4 ms]
      [Choose CSet: 0.0 ms]
      [Ref Proc: 0.3 ms]
      [Ref Enq: 0.0 ms]
      [Redirty Cards: 0.1 ms]
      [Humongous Register: 0.0 ms]
      [Humongous Reclaim: 0.4 ms]
      [Free CSet: 0.0 ms]
   [Eden: 13.0M(46.0M)->0.0B(46.0M) Survivors: 5120.0K->5120.0K Heap: 334.6M(1024.0M)->137.4M(1024.0M)]
 [Times: user=0.02 sys=0.00, real=0.01 secs] 
2017-07-17T17:08:18.143+0800: 118.603: [GC concurrent-root-region-scan-start]
2017-07-17T17:08:18.146+0800: 118.607: [GC concurrent-root-region-scan-end, 0.0035986 secs]
2017-07-17T17:08:18.146+0800: 118.607: [GC concurrent-mark-start]
2017-07-17T17:08:18.161+0800: 118.621: [GC concurrent-mark-end, 0.0141313 secs]
2017-07-17T17:08:18.165+0800: 118.626: [GC remark 2017-07-17T17:08:18.165+0800: 118.626: [Finalize Marking, 0.0005540 secs] 2017-07-17T17:08:18.166+0800: 118.626: [GC ref-proc, 0.0001354 secs] 2017-07-17T17:08:18.166+0800: 118.627: [Unloading, 0.0054150 secs], 0.0079731 secs]
 [Times: user=0.02 sys=0.00, real=0.01 secs] 
2017-07-17T17:08:18.175+0800: 118.635: [GC cleanup 182M->182M(1024M), 0.0023268 secs]
 [Times: user=0.00 sys=0.00, real=0.00 secs] 
2017-07-17T17:11:54.563+0800: 335.023: [GC pause (G1 Evacuation Pause) (young), 0.0106366 secs]
   [Parallel Time: 8.7 ms, GC Workers: 4]
      [GC Worker Start (ms): Min: 335023.5, Avg: 335024.6, Max: 335025.7, Diff: 2.2]
      [Ext Root Scanning (ms): Min: 0.0, Avg: 0.6, Max: 1.3, Diff: 1.3, Sum: 2.4]
      [Update RS (ms): Min: 0.0, Avg: 0.2, Max: 0.5, Diff: 0.5, Sum: 1.0]
         [Processed Buffers: Min: 0, Avg: 3.8, Max: 11, Diff: 11, Sum: 15]
      [Scan RS (ms): Min: 0.0, Avg: 0.0, Max: 0.1, Diff: 0.1, Sum: 0.1]
      [Code Root Scanning (ms): Min: 0.4, Avg: 0.9, Max: 2.1, Diff: 1.7, Sum: 3.7]
      [Object Copy (ms): Min: 4.2, Avg: 5.6, Max: 6.5, Diff: 2.4, Sum: 22.3]
      [Termination (ms): Min: 0.0, Avg: 0.1, Max: 0.2, Diff: 0.2, Sum: 0.4]
         [Termination Attempts: Min: 1, Avg: 1.0, Max: 1, Diff: 0, Sum: 4]
      [GC Worker Other (ms): Min: 0.0, Avg: 0.0, Max: 0.0, Diff: 0.0, Sum: 0.1]
      [GC Worker Total (ms): Min: 6.4, Avg: 7.5, Max: 8.6, Diff: 2.2, Sum: 30.0]
      [GC Worker End (ms): Min: 335032.1, Avg: 335032.1, Max: 335032.1, Diff: 0.1]
   [Code Root Fixup: 0.3 ms]
   [Code Root Purge: 0.0 ms]
   [Clear CT: 0.1 ms]
   [Other: 1.4 ms]
      [Choose CSet: 0.0 ms]
      [Ref Proc: 0.6 ms]
      [Ref Enq: 0.0 ms]
      [Redirty Cards: 0.1 ms]
      [Humongous Register: 0.1 ms]
      [Humongous Reclaim: 0.1 ms]
      [Free CSet: 0.1 ms]
   [Eden: 46.0M(46.0M)->0.0B(44.0M) Survivors: 5120.0K->7168.0K Heap: 248.4M(1024.0M)->139.4M(1024.0M)]
 [Times: user=0.02 sys=0.00, real=0.01 secs] 
2017-07-17T17:16:56.942+0800: 637.402: [GC pause (G1 Evacuation Pause) (young), 0.0111251 secs]
   [Parallel Time: 6.5 ms, GC Workers: 4]
      [GC Worker Start (ms): Min: 637402.4, Avg: 637404.0, Max: 637408.7, Diff: 6.4]
      [Ext Root Scanning (ms): Min: 0.0, Avg: 0.6, Max: 1.0, Diff: 1.0, Sum: 2.4]
      [Update RS (ms): Min: 0.0, Avg: 0.2, Max: 0.3, Diff: 0.3, Sum: 0.9]
         [Processed Buffers: Min: 0, Avg: 2.0, Max: 6, Diff: 6, Sum: 8]
      [Scan RS (ms): Min: 0.0, Avg: 0.0, Max: 0.0, Diff: 0.0, Sum: 0.1]
      [Code Root Scanning (ms): Min: 0.0, Avg: 0.3, Max: 1.1, Diff: 1.1, Sum: 1.4]
      [Object Copy (ms): Min: 0.0, Avg: 3.5, Max: 4.9, Diff: 4.9, Sum: 13.9]
      [Termination (ms): Min: 0.0, Avg: 0.1, Max: 0.2, Diff: 0.2, Sum: 0.5]
         [Termination Attempts: Min: 1, Avg: 2.0, Max: 3, Diff: 2, Sum: 8]
      [GC Worker Other (ms): Min: 0.0, Avg: 0.0, Max: 0.0, Diff: 0.0, Sum: 0.1]
      [GC Worker Total (ms): Min: 0.0, Avg: 4.8, Max: 6.4, Diff: 6.4, Sum: 19.2]
      [GC Worker End (ms): Min: 637408.7, Avg: 637408.8, Max: 637408.8, Diff: 0.0]
   [Code Root Fixup: 0.3 ms]
   [Code Root Purge: 0.0 ms]
   [Clear CT: 0.1 ms]
   [Other: 4.1 ms]
      [Choose CSet: 0.0 ms]
      [Ref Proc: 3.6 ms]
      [Ref Enq: 0.0 ms]
      [Redirty Cards: 0.1 ms]
      [Humongous Register: 0.1 ms]
      [Humongous Reclaim: 0.0 ms]
      [Free CSet: 0.1 ms]
   [Eden: 44.0M(44.0M)->0.0B(47.0M) Survivors: 7168.0K->4096.0K Heap: 183.4M(1024.0M)->137.8M(1024.0M)]
 [Times: user=0.03 sys=0.00, real=0.00 secs] 
2017-07-17T17:22:33.546+0800: 974.006: [GC pause (G1 Evacuation Pause) (young), 0.0113912 secs]
   [Parallel Time: 9.2 ms, GC Workers: 4]
      [GC Worker Start (ms): Min: 974006.4, Avg: 974007.6, Max: 974009.5, Diff: 3.1]
      [Ext Root Scanning (ms): Min: 0.0, Avg: 0.6, Max: 1.2, Diff: 1.2, Sum: 2.3]
      [Update RS (ms): Min: 0.0, Avg: 1.3, Max: 2.2, Diff: 2.2, Sum: 5.4]
         [Processed Buffers: Min: 0, Avg: 3.8, Max: 9, Diff: 9, Sum: 15]
      [Scan RS (ms): Min: 0.0, Avg: 0.0, Max: 0.0, Diff: 0.0, Sum: 0.1]
      [Code Root Scanning (ms): Min: 0.0, Avg: 1.7, Max: 6.1, Diff: 6.1, Sum: 6.7]
      [Object Copy (ms): Min: 0.0, Avg: 4.0, Max: 5.5, Diff: 5.5, Sum: 15.9]
      [Termination (ms): Min: 0.0, Avg: 0.4, Max: 0.5, Diff: 0.5, Sum: 1.4]
         [Termination Attempts: Min: 1, Avg: 1.0, Max: 1, Diff: 0, Sum: 4]
      [GC Worker Other (ms): Min: 0.0, Avg: 0.0, Max: 0.0, Diff: 0.0, Sum: 0.1]
      [GC Worker Total (ms): Min: 6.1, Avg: 8.0, Max: 9.2, Diff: 3.1, Sum: 31.9]
      [GC Worker End (ms): Min: 974015.6, Avg: 974015.6, Max: 974015.6, Diff: 0.0]
   [Code Root Fixup: 0.2 ms]
   [Code Root Purge: 0.0 ms]
   [Clear CT: 0.1 ms]
   [Other: 1.8 ms]
      [Choose CSet: 0.0 ms]
      [Ref Proc: 1.3 ms]
      [Ref Enq: 0.0 ms]
      [Redirty Cards: 0.1 ms]
      [Humongous Register: 0.0 ms]
      [Humongous Reclaim: 0.0 ms]
      [Free CSet: 0.1 ms]
   [Eden: 47.0M(47.0M)->0.0B(52.0M) Survivors: 4096.0K->4096.0K Heap: 184.8M(1024.0M)->138.3M(1024.0M)]
 [Times: user=0.02 sys=0.00, real=0.01 secs] 
2017-07-17T17:29:11.183+0800: 1371.644: [GC pause (G1 Evacuation Pause) (young), 0.0084757 secs]
   [Parallel Time: 7.0 ms, GC Workers: 4]
      [GC Worker Start (ms): Min: 1371643.9, Avg: 1371644.4, Max: 1371645.9, Diff: 1.9]
      [Ext Root Scanning (ms): Min: 0.0, Avg: 0.8, Max: 1.1, Diff: 1.1, Sum: 3.1]
      [Update RS (ms): Min: 0.0, Avg: 0.5, Max: 0.9, Diff: 0.9, Sum: 2.0]
         [Processed Buffers: Min: 0, Avg: 4.2, Max: 14, Diff: 14, Sum: 17]
      [Scan RS (ms): Min: 0.0, Avg: 0.0, Max: 0.0, Diff: 0.0, Sum: 0.1]
      [Code Root Scanning (ms): Min: 0.0, Avg: 0.9, Max: 2.7, Diff: 2.7, Sum: 3.5]
      [Object Copy (ms): Min: 2.6, Avg: 4.2, Max: 5.0, Diff: 2.3, Sum: 16.9]
      [Termination (ms): Min: 0.0, Avg: 0.0, Max: 0.0, Diff: 0.0, Sum: 0.0]
         [Termination Attempts: Min: 1, Avg: 1.0, Max: 1, Diff: 0, Sum: 4]
      [GC Worker Other (ms): Min: 0.0, Avg: 0.0, Max: 0.0, Diff: 0.0, Sum: 0.1]
      [GC Worker Total (ms): Min: 5.0, Avg: 6.4, Max: 6.9, Diff: 1.9, Sum: 25.6]
      [GC Worker End (ms): Min: 1371650.8, Avg: 1371650.8, Max: 1371650.8, Diff: 0.0]
   [Code Root Fixup: 0.5 ms]
   [Code Root Purge: 0.0 ms]
   [Clear CT: 0.2 ms]
   [Other: 0.8 ms]
      [Choose CSet: 0.0 ms]
      [Ref Proc: 0.2 ms]
      [Ref Enq: 0.0 ms]
      [Redirty Cards: 0.2 ms]
      [Humongous Register: 0.0 ms]
      [Humongous Reclaim: 0.0 ms]
      [Free CSet: 0.1 ms]
   [Eden: 52.0M(52.0M)->0.0B(167.0M) Survivors: 4096.0K->4096.0K Heap: 190.3M(1024.0M)->138.3M(1024.0M)]
 [Times: user=0.03 sys=0.00, real=0.00 secs] 
2017-07-17T17:37:46.771+0800: 1887.231: [GC pause (G1 Evacuation Pause) (young), 0.0103762 secs]
   [Parallel Time: 8.8 ms, GC Workers: 4]
      [GC Worker Start (ms): Min: 1887231.5, Avg: 1887231.5, Max: 1887231.6, Diff: 0.1]
      [Ext Root Scanning (ms): Min: 1.0, Avg: 1.0, Max: 1.1, Diff: 0.1, Sum: 4.2]
      [Update RS (ms): Min: 0.4, Avg: 0.5, Max: 0.7, Diff: 0.3, Sum: 2.0]
         [Processed Buffers: Min: 1, Avg: 7.2, Max: 25, Diff: 24, Sum: 29]
      [Scan RS (ms): Min: 0.0, Avg: 0.1, Max: 0.1, Diff: 0.1, Sum: 0.2]
      [Code Root Scanning (ms): Min: 0.0, Avg: 0.3, Max: 0.7, Diff: 0.7, Sum: 1.2]
      [Object Copy (ms): Min: 6.3, Avg: 6.6, Max: 6.9, Diff: 0.5, Sum: 26.5]
      [Termination (ms): Min: 0.0, Avg: 0.0, Max: 0.0, Diff: 0.0, Sum: 0.0]
         [Termination Attempts: Min: 1, Avg: 1.0, Max: 1, Diff: 0, Sum: 4]
      [GC Worker Other (ms): Min: 0.0, Avg: 0.0, Max: 0.0, Diff: 0.0, Sum: 0.1]
      [GC Worker Total (ms): Min: 8.5, Avg: 8.6, Max: 8.6, Diff: 0.1, Sum: 34.3]
      [GC Worker End (ms): Min: 1887240.1, Avg: 1887240.1, Max: 1887240.1, Diff: 0.0]
   [Code Root Fixup: 0.3 ms]
   [Code Root Purge: 0.0 ms]
   [Clear CT: 0.1 ms]
   [Other: 1.1 ms]
      [Choose CSet: 0.0 ms]
      [Ref Proc: 0.4 ms]
      [Ref Enq: 0.0 ms]
      [Redirty Cards: 0.2 ms]
      [Humongous Register: 0.0 ms]
      [Humongous Reclaim: 0.0 ms]
      [Free CSet: 0.2 ms]
   [Eden: 167.0M(167.0M)->0.0B(140.0M) Survivors: 4096.0K->7168.0K Heap: 305.3M(1024.0M)->140.8M(1024.0M)]
 [Times: user=0.04 sys=0.00, real=0.02 secs] 
2017-07-17T17:41:09.973+0800: 2090.433: [GC pause (G1 Evacuation Pause) (young), 0.0095595 secs]
   [Parallel Time: 8.3 ms, GC Workers: 4]
      [GC Worker Start (ms): Min: 2090433.3, Avg: 2090433.4, Max: 2090433.4, Diff: 0.1]
      [Ext Root Scanning (ms): Min: 0.7, Avg: 0.8, Max: 0.8, Diff: 0.2, Sum: 3.0]
      [Update RS (ms): Min: 0.4, Avg: 0.4, Max: 0.5, Diff: 0.1, Sum: 1.8]
         [Processed Buffers: Min: 1, Avg: 5.2, Max: 10, Diff: 9, Sum: 21]
      [Scan RS (ms): Min: 0.0, Avg: 0.1, Max: 0.1, Diff: 0.0, Sum: 0.2]
      [Code Root Scanning (ms): Min: 0.0, Avg: 0.3, Max: 0.6, Diff: 0.6, Sum: 1.3]
      [Object Copy (ms): Min: 6.2, Avg: 6.5, Max: 6.8, Diff: 0.6, Sum: 25.9]
      [Termination (ms): Min: 0.0, Avg: 0.0, Max: 0.0, Diff: 0.0, Sum: 0.0]
         [Termination Attempts: Min: 1, Avg: 1.0, Max: 1, Diff: 0, Sum: 4]
      [GC Worker Other (ms): Min: 0.0, Avg: 0.0, Max: 0.1, Diff: 0.0, Sum: 0.2]
      [GC Worker Total (ms): Min: 8.0, Avg: 8.1, Max: 8.1, Diff: 0.1, Sum: 32.4]
      [GC Worker End (ms): Min: 2090441.4, Avg: 2090441.5, Max: 2090441.5, Diff: 0.0]
   [Code Root Fixup: 0.3 ms]
   [Code Root Purge: 0.0 ms]
   [Clear CT: 0.1 ms]
   [Other: 0.9 ms]
      [Choose CSet: 0.0 ms]
      [Ref Proc: 0.2 ms]
      [Ref Enq: 0.0 ms]
      [Redirty Cards: 0.2 ms]
      [Humongous Register: 0.0 ms]
      [Humongous Reclaim: 0.0 ms]
      [Free CSet: 0.2 ms]
   [Eden: 140.0M(140.0M)->0.0B(186.0M) Survivors: 7168.0K->7168.0K Heap: 280.8M(1024.0M)->141.3M(1024.0M)]
 [Times: user=0.03 sys=0.01, real=0.02 secs] 
2017-07-17T17:44:35.877+0800: 2296.337: [GC pause (G1 Evacuation Pause) (young), 0.0072308 secs]
   [Parallel Time: 5.7 ms, GC Workers: 4]
      [GC Worker Start (ms): Min: 2296337.3, Avg: 2296337.3, Max: 2296337.4, Diff: 0.1]
      [Ext Root Scanning (ms): Min: 1.0, Avg: 1.1, Max: 1.2, Diff: 0.1, Sum: 4.4]
      [Update RS (ms): Min: 0.2, Avg: 0.5, Max: 0.6, Diff: 0.4, Sum: 1.8]
         [Processed Buffers: Min: 1, Avg: 4.0, Max: 12, Diff: 11, Sum: 16]
      [Scan RS (ms): Min: 0.0, Avg: 0.1, Max: 0.1, Diff: 0.1, Sum: 0.3]
      [Code Root Scanning (ms): Min: 0.0, Avg: 0.3, Max: 0.7, Diff: 0.7, Sum: 1.2]
      [Object Copy (ms): Min: 3.3, Avg: 3.6, Max: 3.8, Diff: 0.5, Sum: 14.2]
      [Termination (ms): Min: 0.0, Avg: 0.0, Max: 0.0, Diff: 0.0, Sum: 0.0]
         [Termination Attempts: Min: 1, Avg: 1.0, Max: 1, Diff: 0, Sum: 4]
      [GC Worker Other (ms): Min: 0.0, Avg: 0.0, Max: 0.1, Diff: 0.0, Sum: 0.2]
      [GC Worker Total (ms): Min: 5.5, Avg: 5.5, Max: 5.6, Diff: 0.1, Sum: 22.1]
      [GC Worker End (ms): Min: 2296342.8, Avg: 2296342.8, Max: 2296342.9, Diff: 0.0]
   [Code Root Fixup: 0.3 ms]
   [Code Root Purge: 0.0 ms]
   [Clear CT: 0.1 ms]
   [Other: 1.1 ms]
      [Choose CSet: 0.0 ms]
      [Ref Proc: 0.3 ms]
      [Ref Enq: 0.0 ms]
      [Redirty Cards: 0.2 ms]
      [Humongous Register: 0.0 ms]
      [Humongous Reclaim: 0.0 ms]
      [Free CSet: 0.3 ms]
   [Eden: 186.0M(186.0M)->0.0B(584.0M) Survivors: 7168.0K->5120.0K Heap: 327.3M(1024.0M)->138.8M(1024.0M)]
 [Times: user=0.01 sys=0.01, real=0.01 secs] 
2017-07-17T17:55:45.804+0800: 2966.264: [GC pause (G1 Evacuation Pause) (young), 0.0099613 secs]
   [Parallel Time: 7.8 ms, GC Workers: 4]
      [GC Worker Start (ms): Min: 2966264.5, Avg: 2966264.5, Max: 2966264.6, Diff: 0.1]
      [Ext Root Scanning (ms): Min: 0.4, Avg: 0.8, Max: 1.0, Diff: 0.6, Sum: 3.0]
      [Update RS (ms): Min: 0.4, Avg: 0.5, Max: 0.6, Diff: 0.1, Sum: 2.0]
         [Processed Buffers: Min: 1, Avg: 5.0, Max: 16, Diff: 15, Sum: 20]
      [Scan RS (ms): Min: 0.2, Avg: 0.2, Max: 0.3, Diff: 0.1, Sum: 0.9]
      [Code Root Scanning (ms): Min: 0.0, Avg: 0.4, Max: 0.7, Diff: 0.7, Sum: 1.4]
      [Object Copy (ms): Min: 5.2, Avg: 5.7, Max: 6.3, Diff: 1.1, Sum: 22.8]
      [Termination (ms): Min: 0.0, Avg: 0.0, Max: 0.0, Diff: 0.0, Sum: 0.0]
         [Termination Attempts: Min: 1, Avg: 1.0, Max: 1, Diff: 0, Sum: 4]
      [GC Worker Other (ms): Min: 0.0, Avg: 0.1, Max: 0.1, Diff: 0.1, Sum: 0.4]
      [GC Worker Total (ms): Min: 7.5, Avg: 7.6, Max: 7.7, Diff: 0.2, Sum: 30.5]
      [GC Worker End (ms): Min: 2966272.1, Avg: 2966272.1, Max: 2966272.2, Diff: 0.1]
   [Code Root Fixup: 0.3 ms]
   [Code Root Purge: 0.0 ms]
   [Clear CT: 0.3 ms]
   [Other: 1.6 ms]
      [Choose CSet: 0.0 ms]
      [Ref Proc: 0.4 ms]
      [Ref Enq: 0.0 ms]
      [Redirty Cards: 0.1 ms]
      [Humongous Register: 0.0 ms]
      [Humongous Reclaim: 0.0 ms]
      [Free CSet: 0.7 ms]
   [Eden: 584.0M(584.0M)->0.0B(608.0M) Survivors: 5120.0K->6144.0K Heap: 722.8M(1024.0M)->140.3M(1024.0M)]
 [Times: user=0.02 sys=0.01, real=0.01 secs] 
2017-07-17T18:06:58.525+0800: 3638.986: [GC pause (G1 Evacuation Pause) (young), 0.0152168 secs]
   [Parallel Time: 13.3 ms, GC Workers: 4]
      [GC Worker Start (ms): Min: 3638986.1, Avg: 3638986.2, Max: 3638986.2, Diff: 0.1]
      [Ext Root Scanning (ms): Min: 2.2, Avg: 3.1, Max: 4.7, Diff: 2.5, Sum: 12.5]
      [Update RS (ms): Min: 0.0, Avg: 0.5, Max: 0.9, Diff: 0.9, Sum: 2.2]
         [Processed Buffers: Min: 0, Avg: 5.0, Max: 12, Diff: 12, Sum: 20]
      [Scan RS (ms): Min: 0.0, Avg: 0.2, Max: 0.3, Diff: 0.3, Sum: 0.8]
      [Code Root Scanning (ms): Min: 0.0, Avg: 0.4, Max: 0.8, Diff: 0.8, Sum: 1.5]
      [Object Copy (ms): Min: 8.4, Avg: 8.9, Max: 9.2, Diff: 0.9, Sum: 35.6]
      [Termination (ms): Min: 0.0, Avg: 0.0, Max: 0.1, Diff: 0.1, Sum: 0.2]
         [Termination Attempts: Min: 1, Avg: 6.0, Max: 18, Diff: 17, Sum: 24]
      [GC Worker Other (ms): Min: 0.0, Avg: 0.0, Max: 0.0, Diff: 0.0, Sum: 0.1]
      [GC Worker Total (ms): Min: 13.2, Avg: 13.2, Max: 13.3, Diff: 0.1, Sum: 52.9]
      [GC Worker End (ms): Min: 3638999.4, Avg: 3638999.4, Max: 3638999.4, Diff: 0.0]
   [Code Root Fixup: 0.3 ms]
   [Code Root Purge: 0.0 ms]
   [Clear CT: 0.2 ms]
   [Other: 1.3 ms]
      [Choose CSet: 0.0 ms]
      [Ref Proc: 0.5 ms]
      [Ref Enq: 0.0 ms]
      [Redirty Cards: 0.1 ms]
      [Humongous Register: 0.0 ms]
      [Humongous Reclaim: 0.0 ms]
      [Free CSet: 0.5 ms]
   [Eden: 608.0M(608.0M)->0.0B(605.0M) Survivors: 6144.0K->9216.0K Heap: 748.3M(1024.0M)->142.8M(1024.0M)]
 [Times: user=0.03 sys=0.01, real=0.01 secs] 
2017-07-17T18:18:12.389+0800: 4312.849: [GC pause (G1 Evacuation Pause) (young), 0.0093986 secs]
   [Parallel Time: 7.5 ms, GC Workers: 4]
      [GC Worker Start (ms): Min: 4312849.5, Avg: 4312849.6, Max: 4312849.6, Diff: 0.1]
      [Ext Root Scanning (ms): Min: 0.7, Avg: 0.7, Max: 0.9, Diff: 0.2, Sum: 3.0]
      [Update RS (ms): Min: 0.4, Avg: 0.5, Max: 0.6, Diff: 0.2, Sum: 1.8]
         [Processed Buffers: Min: 1, Avg: 5.0, Max: 10, Diff: 9, Sum: 20]
      [Scan RS (ms): Min: 0.2, Avg: 0.2, Max: 0.3, Diff: 0.1, Sum: 0.9]
      [Code Root Scanning (ms): Min: 0.1, Avg: 0.3, Max: 1.0, Diff: 0.9, Sum: 1.3]
      [Object Copy (ms): Min: 5.0, Avg: 5.5, Max: 5.8, Diff: 0.8, Sum: 22.1]
      [Termination (ms): Min: 0.0, Avg: 0.0, Max: 0.0, Diff: 0.0, Sum: 0.0]
         [Termination Attempts: Min: 1, Avg: 1.0, Max: 1, Diff: 0, Sum: 4]
      [GC Worker Other (ms): Min: 0.0, Avg: 0.1, Max: 0.1, Diff: 0.1, Sum: 0.2]
      [GC Worker Total (ms): Min: 7.3, Avg: 7.4, Max: 7.4, Diff: 0.1, Sum: 29.4]
      [GC Worker End (ms): Min: 4312856.9, Avg: 4312856.9, Max: 4312857.0, Diff: 0.1]
   [Code Root Fixup: 0.3 ms]
   [Code Root Purge: 0.0 ms]
   [Clear CT: 0.2 ms]
   [Other: 1.4 ms]
      [Choose CSet: 0.0 ms]
      [Ref Proc: 0.4 ms]
      [Ref Enq: 0.0 ms]
      [Redirty Cards: 0.1 ms]
      [Humongous Register: 0.1 ms]
      [Humongous Reclaim: 0.0 ms]
      [Free CSet: 0.6 ms]
   [Eden: 605.0M(605.0M)->0.0B(607.0M) Survivors: 9216.0K->7168.0K Heap: 747.8M(1024.0M)->141.3M(1024.0M)]
 [Times: user=0.03 sys=0.00, real=0.01 secs] 
2017-07-17T18:29:29.694+0800: 4990.155: [GC pause (G1 Evacuation Pause) (young), 0.0083023 secs]
   [Parallel Time: 6.5 ms, GC Workers: 4]
      [GC Worker Start (ms): Min: 4990154.8, Avg: 4990154.9, Max: 4990154.9, Diff: 0.1]
      [Ext Root Scanning (ms): Min: 0.6, Avg: 0.7, Max: 0.8, Diff: 0.2, Sum: 2.9]
      [Update RS (ms): Min: 0.4, Avg: 0.5, Max: 0.6, Diff: 0.2, Sum: 1.9]
         [Processed Buffers: Min: 1, Avg: 4.8, Max: 9, Diff: 8, Sum: 19]
      [Scan RS (ms): Min: 0.1, Avg: 0.2, Max: 0.2, Diff: 0.0, Sum: 0.6]
      [Code Root Scanning (ms): Min: 0.0, Avg: 0.3, Max: 0.6, Diff: 0.6, Sum: 1.3]
      [Object Copy (ms): Min: 4.4, Avg: 4.6, Max: 4.9, Diff: 0.5, Sum: 18.4]
      [Termination (ms): Min: 0.0, Avg: 0.0, Max: 0.0, Diff: 0.0, Sum: 0.0]
         [Termination Attempts: Min: 1, Avg: 1.0, Max: 1, Diff: 0, Sum: 4]
      [GC Worker Other (ms): Min: 0.0, Avg: 0.1, Max: 0.1, Diff: 0.1, Sum: 0.3]
      [GC Worker Total (ms): Min: 6.3, Avg: 6.4, Max: 6.4, Diff: 0.2, Sum: 25.4]
      [GC Worker End (ms): Min: 4990161.2, Avg: 4990161.2, Max: 4990161.3, Diff: 0.1]
   [Code Root Fixup: 0.3 ms]
   [Code Root Purge: 0.0 ms]
   [Clear CT: 0.2 ms]
   [Other: 1.2 ms]
      [Choose CSet: 0.0 ms]
      [Ref Proc: 0.3 ms]
      [Ref Enq: 0.0 ms]
      [Redirty Cards: 0.1 ms]
      [Humongous Register: 0.0 ms]
      [Humongous Reclaim: 0.0 ms]
      [Free CSet: 0.6 ms]
   [Eden: 607.0M(607.0M)->0.0B(608.0M) Survivors: 7168.0K->6144.0K Heap: 748.3M(1024.0M)->139.8M(1024.0M)]
 [Times: user=0.03 sys=0.00, real=0.01 secs] 
2017-07-17T18:40:46.941+0800: 5667.402: [GC pause (G1 Evacuation Pause) (young), 0.0129045 secs]
   [Parallel Time: 11.0 ms, GC Workers: 4]
      [GC Worker Start (ms): Min: 5667401.9, Avg: 5667402.0, Max: 5667402.0, Diff: 0.1]
      [Ext Root Scanning (ms): Min: 0.7, Avg: 0.7, Max: 0.9, Diff: 0.2, Sum: 2.9]
      [Update RS (ms): Min: 0.4, Avg: 0.5, Max: 0.6, Diff: 0.2, Sum: 2.1]
         [Processed Buffers: Min: 1, Avg: 4.8, Max: 16, Diff: 15, Sum: 19]
      [Scan RS (ms): Min: 0.2, Avg: 0.3, Max: 0.3, Diff: 0.2, Sum: 1.0]
      [Code Root Scanning (ms): Min: 0.0, Avg: 0.4, Max: 0.9, Diff: 0.8, Sum: 1.7]
      [Object Copy (ms): Min: 8.4, Avg: 8.9, Max: 9.3, Diff: 0.9, Sum: 35.4]
      [Termination (ms): Min: 0.0, Avg: 0.0, Max: 0.0, Diff: 0.0, Sum: 0.0]
         [Termination Attempts: Min: 1, Avg: 1.0, Max: 1, Diff: 0, Sum: 4]
      [GC Worker Other (ms): Min: 0.0, Avg: 0.1, Max: 0.1, Diff: 0.1, Sum: 0.3]
      [GC Worker Total (ms): Min: 10.8, Avg: 10.9, Max: 10.9, Diff: 0.1, Sum: 43.4]
      [GC Worker End (ms): Min: 5667412.8, Avg: 5667412.8, Max: 5667412.8, Diff: 0.1]
   [Code Root Fixup: 0.3 ms]
   [Code Root Purge: 0.0 ms]
   [Clear CT: 0.2 ms]
   [Other: 1.3 ms]
      [Choose CSet: 0.0 ms]
      [Ref Proc: 0.4 ms]
      [Ref Enq: 0.0 ms]
      [Redirty Cards: 0.1 ms]
      [Humongous Register: 0.0 ms]
      [Humongous Reclaim: 0.0 ms]
      [Free CSet: 0.6 ms]
   [Eden: 608.0M(608.0M)->0.0B(606.0M) Survivors: 6144.0K->8192.0K Heap: 747.8M(1024.0M)->142.6M(1024.0M)]
 [Times: user=0.04 sys=0.00, real=0.01 secs] 
2017-07-17T18:52:01.921+0800: 6342.381: [GC pause (G1 Evacuation Pause) (young), 0.0098204 secs]
   [Parallel Time: 7.9 ms, GC Workers: 4]
      [GC Worker Start (ms): Min: 6342381.6, Avg: 6342381.7, Max: 6342381.7, Diff: 0.1]
      [Ext Root Scanning (ms): Min: 0.6, Avg: 0.7, Max: 0.8, Diff: 0.2, Sum: 2.8]
      [Update RS (ms): Min: 0.6, Avg: 0.6, Max: 0.8, Diff: 0.2, Sum: 2.5]
         [Processed Buffers: Min: 1, Avg: 5.2, Max: 11, Diff: 10, Sum: 21]
      [Scan RS (ms): Min: 0.1, Avg: 0.2, Max: 0.2, Diff: 0.1, Sum: 0.8]
      [Code Root Scanning (ms): Min: 0.0, Avg: 0.3, Max: 0.6, Diff: 0.6, Sum: 1.2]
      [Object Copy (ms): Min: 5.5, Avg: 5.8, Max: 6.1, Diff: 0.5, Sum: 23.2]
      [Termination (ms): Min: 0.0, Avg: 0.0, Max: 0.0, Diff: 0.0, Sum: 0.0]
         [Termination Attempts: Min: 1, Avg: 3.5, Max: 5, Diff: 4, Sum: 14]
      [GC Worker Other (ms): Min: 0.0, Avg: 0.1, Max: 0.1, Diff: 0.1, Sum: 0.3]
      [GC Worker Total (ms): Min: 7.7, Avg: 7.7, Max: 7.8, Diff: 0.1, Sum: 30.9]
      [GC Worker End (ms): Min: 6342389.4, Avg: 6342389.4, Max: 6342389.4, Diff: 0.1]
   [Code Root Fixup: 0.3 ms]
   [Code Root Purge: 0.0 ms]
   [Clear CT: 0.3 ms]
   [Other: 1.4 ms]
      [Choose CSet: 0.0 ms]
      [Ref Proc: 0.4 ms]
      [Ref Enq: 0.0 ms]
      [Redirty Cards: 0.1 ms]
      [Humongous Register: 0.0 ms]
      [Humongous Reclaim: 0.0 ms]
      [Free CSet: 0.6 ms]
   [Eden: 606.0M(606.0M)->0.0B(608.0M) Survivors: 8192.0K->6144.0K Heap: 748.6M(1024.0M)->141.2M(1024.0M)]
 [Times: user=0.03 sys=0.00, real=0.01 secs] 
2017-07-17T19:03:20.387+0800: 7020.848: [GC pause (G1 Evacuation Pause) (young), 0.0088971 secs]
   [Parallel Time: 7.2 ms, GC Workers: 4]
      [GC Worker Start (ms): Min: 7020847.9, Avg: 7020847.9, Max: 7020848.0, Diff: 0.1]
      [Ext Root Scanning (ms): Min: 0.6, Avg: 0.7, Max: 0.8, Diff: 0.2, Sum: 2.8]
      [Update RS (ms): Min: 1.1, Avg: 1.1, Max: 1.1, Diff: 0.0, Sum: 4.3]
         [Processed Buffers: Min: 2, Avg: 5.8, Max: 11, Diff: 9, Sum: 23]
      [Scan RS (ms): Min: 0.2, Avg: 0.3, Max: 0.3, Diff: 0.1, Sum: 1.0]
      [Code Root Scanning (ms): Min: 0.0, Avg: 0.2, Max: 0.4, Diff: 0.3, Sum: 0.9]
      [Object Copy (ms): Min: 4.5, Avg: 4.7, Max: 4.9, Diff: 0.4, Sum: 18.8]
      [Termination (ms): Min: 0.0, Avg: 0.0, Max: 0.0, Diff: 0.0, Sum: 0.0]
         [Termination Attempts: Min: 1, Avg: 1.0, Max: 1, Diff: 0, Sum: 4]
      [GC Worker Other (ms): Min: 0.0, Avg: 0.1, Max: 0.1, Diff: 0.1, Sum: 0.4]
      [GC Worker Total (ms): Min: 6.9, Avg: 7.0, Max: 7.1, Diff: 0.2, Sum: 28.2]
      [GC Worker End (ms): Min: 7020854.9, Avg: 7020854.9, Max: 7020855.0, Diff: 0.1]
   [Code Root Fixup: 0.2 ms]
   [Code Root Purge: 0.0 ms]
   [Clear CT: 0.2 ms]
   [Other: 1.3 ms]
      [Choose CSet: 0.0 ms]
      [Ref Proc: 0.3 ms]
      [Ref Enq: 0.0 ms]
      [Redirty Cards: 0.2 ms]
      [Humongous Register: 0.0 ms]
      [Humongous Reclaim: 0.0 ms]
      [Free CSet: 0.6 ms]
   [Eden: 608.0M(608.0M)->0.0B(609.0M) Survivors: 6144.0K->5120.0K Heap: 749.2M(1024.0M)->140.8M(1024.0M)]
 [Times: user=0.03 sys=0.00, real=0.01 secs] 
2017-07-17T19:14:38.526+0800: 7698.987: [GC pause (G1 Evacuation Pause) (young), 0.0106918 secs]
   [Parallel Time: 9.0 ms, GC Workers: 4]
      [GC Worker Start (ms): Min: 7698986.7, Avg: 7698986.7, Max: 7698986.8, Diff: 0.1]
      [Ext Root Scanning (ms): Min: 0.5, Avg: 0.6, Max: 0.8, Diff: 0.3, Sum: 2.2]
      [Update RS (ms): Min: 0.4, Avg: 0.7, Max: 0.9, Diff: 0.5, Sum: 2.7]
         [Processed Buffers: Min: 2, Avg: 7.5, Max: 19, Diff: 17, Sum: 30]
      [Scan RS (ms): Min: 0.1, Avg: 0.2, Max: 0.4, Diff: 0.3, Sum: 0.9]
      [Code Root Scanning (ms): Min: 0.0, Avg: 0.2, Max: 0.4, Diff: 0.4, Sum: 0.8]
      [Object Copy (ms): Min: 7.0, Avg: 7.1, Max: 7.2, Diff: 0.2, Sum: 28.3]
      [Termination (ms): Min: 0.0, Avg: 0.0, Max: 0.0, Diff: 0.0, Sum: 0.0]
         [Termination Attempts: Min: 1, Avg: 3.2, Max: 8, Diff: 7, Sum: 13]
      [GC Worker Other (ms): Min: 0.0, Avg: 0.1, Max: 0.1, Diff: 0.1, Sum: 0.4]
      [GC Worker Total (ms): Min: 8.8, Avg: 8.8, Max: 8.8, Diff: 0.0, Sum: 35.3]
      [GC Worker End (ms): Min: 7698995.5, Avg: 7698995.6, Max: 7698995.6, Diff: 0.1]
   [Code Root Fixup: 0.2 ms]
   [Code Root Purge: 0.0 ms]
   [Clear CT: 0.3 ms]
   [Other: 1.3 ms]
      [Choose CSet: 0.0 ms]
      [Ref Proc: 0.3 ms]
      [Ref Enq: 0.0 ms]
      [Redirty Cards: 0.1 ms]
      [Humongous Register: 0.0 ms]
      [Humongous Reclaim: 0.0 ms]
      [Free CSet: 0.6 ms]
   [Eden: 609.0M(609.0M)->0.0B(607.0M) Survivors: 5120.0K->7168.0K Heap: 749.8M(1024.0M)->142.4M(1024.0M)]
 [Times: user=0.04 sys=0.00, real=0.01 secs] 
2017-07-17T19:25:57.441+0800: 8377.901: [GC pause (G1 Evacuation Pause) (young), 0.0086952 secs]
   [Parallel Time: 6.9 ms, GC Workers: 4]
      [GC Worker Start (ms): Min: 8377901.3, Avg: 8377901.4, Max: 8377901.4, Diff: 0.1]
      [Ext Root Scanning (ms): Min: 0.5, Avg: 0.6, Max: 0.7, Diff: 0.2, Sum: 2.3]
      [Update RS (ms): Min: 0.6, Avg: 0.6, Max: 0.6, Diff: 0.0, Sum: 2.4]
         [Processed Buffers: Min: 5, Avg: 7.2, Max: 11, Diff: 6, Sum: 29]
      [Scan RS (ms): Min: 0.2, Avg: 0.2, Max: 0.3, Diff: 0.1, Sum: 0.9]
      [Code Root Scanning (ms): Min: 0.1, Avg: 0.2, Max: 0.4, Diff: 0.3, Sum: 0.9]
      [Object Copy (ms): Min: 4.9, Avg: 5.0, Max: 5.1, Diff: 0.3, Sum: 20.0]
      [Termination (ms): Min: 0.0, Avg: 0.0, Max: 0.0, Diff: 0.0, Sum: 0.0]
         [Termination Attempts: Min: 1, Avg: 1.0, Max: 1, Diff: 0, Sum: 4]
      [GC Worker Other (ms): Min: 0.1, Avg: 0.1, Max: 0.1, Diff: 0.1, Sum: 0.4]
      [GC Worker Total (ms): Min: 6.7, Avg: 6.7, Max: 6.8, Diff: 0.1, Sum: 26.9]
      [GC Worker End (ms): Min: 8377908.0, Avg: 8377908.1, Max: 8377908.1, Diff: 0.1]
   [Code Root Fixup: 0.2 ms]
   [Code Root Purge: 0.0 ms]
   [Clear CT: 0.3 ms]
   [Other: 1.3 ms]
      [Choose CSet: 0.0 ms]
      [Ref Proc: 0.3 ms]
      [Ref Enq: 0.0 ms]
      [Redirty Cards: 0.1 ms]
      [Humongous Register: 0.0 ms]
      [Humongous Reclaim: 0.0 ms]
      [Free CSet: 0.6 ms]
   [Eden: 607.0M(607.0M)->0.0B(608.0M) Survivors: 7168.0K->6144.0K Heap: 749.4M(1024.0M)->142.2M(1024.0M)]
 [Times: user=0.03 sys=0.00, real=0.01 secs] 
Heap
 garbage-first heap   total 1048576K, used 571619K [0x00000000c0000000, 0x00000000c0102000, 0x0000000100000000)
  region size 1024K, 423 young (433152K), 6 survivors (6144K)
 Metaspace       used 32444K, capacity 32724K, committed 32816K, reserved 1077248K
  class space    used 4466K, capacity 4568K, committed 4656K, reserved 1048576K
